// Jest Snapshot v1, https://goo.gl/fbAQLP

exports[`Testing rockets component, should match snapshot: 1`] = `
<section
  className="rocket-container"
>
  <ul
    className="rocket_list"
  />
</section>
`;
